// Jest Snapshot v1, https://goo.gl/fbAQLP

exports[`can support union types in a table 1`] = `
"---
id: myClass
hide_title: true
custom_edit_url: null
---

| Property                              | Modifiers | Type                 | Description                       |
| ------------------------------------- | --------- | -------------------- | --------------------------------- |
| [myProperty](./myClass.myProperty.md) |           | 'number' \\\\| 'string' | A property that has a union type. |
"
`;
